// Jest Snapshot v1, https://goo.gl/fbAQLP

exports[`07 Ensure questions do not output anything when input is non-interactive 1`] = `
"Title
=====

 Duis aute irure dolor in reprehenderit in voluptate velit esse"
`;
