// Jest Snapshot v1, https://goo.gl/fbAQLP

exports[`00 Ensure has single blank line at start when using block element 1`] = `
"
 ! [CAUTION] Lorem ipsum dolor sit amet                                         

"
`;
