// Jest Snapshot v1, https://goo.gl/fbAQLP

exports[`05 Ensure has proper line ending before outputting a text block like with SymfonyStyle.listing() or SymfonyStyle.text() 1`] = `
"Lorem ipsum dolor sit amet
 * Lorem ipsum dolor sit amet
 * consectetur adipiscing elit

Lorem ipsum dolor sit amet
 * Lorem ipsum dolor sit amet
 * consectetur adipiscing elit

Lorem ipsum dolor sit amet
 Lorem ipsum dolor sit amet
 consectetur adipiscing elit

Lorem ipsum dolor sit amet

 // Lorem ipsum dolor sit amet                                                                                          
 //                                                                                                                     
 // consectetur adipiscing elit                                                                                         

"
`;
