// Jest Snapshot v1, https://goo.gl/fbAQLP

exports[`10 Ensure that all lines are aligned to the begin of the first line in a very long line block 1`] = `
"X [CUSTOM] Lorem ipsum dolor sit amet, consectetur adipisicing elit, sed do     
X          eiusmod tempor incididunt ut labore et dolore magna aliqua. Ut enim  
X          ad minim veniam, quis nostrud exercitation ullamco laboris nisi ut   
X          aliquip ex ea commodo consequat. Duis aute irure dolor in            
X          reprehenderit in voluptate velit esse cillum dolore eu fugiat nulla  
X          pariatur. Excepteur sint occaecat cupidatat non proident, sunt in    
X          culpa qui officia deserunt mollit anim id est laborum"
`;
