// Jest Snapshot v1, https://goo.gl/fbAQLP

exports[`11 Ensure long words are properly wrapped in blocks 1`] = `
"ยง [CUSTOM] Lopadotemachoselachogaleokranioleipsanodrimhypotrimmatosilphioparaom
 ยง          elitokatakechymenokichlepikossyphophattoperisteralektryonoptekephall
 ยง          iokigklopeleiolagoiosiraiobaphetraganopterygon"
`;
